// Jest Snapshot v1, https://goo.gl/fbAQLP

exports[`Loading should show loader 1`] = `
<div
  className="Loading"
>
  <div
    className="Loading__backdrop"
  />
  <div
    className="Loading__container"
  >
    <div
      className="Loading__bounce1"
    />
    <div
      className="Loading__bounce2"
    />
    <div
      className="Loading__bounce3"
    />
  </div>
</div>
`;
